// Jest Snapshot v1, https://goo.gl/fbAQLP

exports[`Package Package shows error if not found 1`] = `
<div
  className="MuiPaper-root MuiPaper-elevation MuiPaper-rounded MuiPaper-elevation6 css-1dxebv4-MuiPaper-root"
>
  <div
    className="css-1z0rh7t-MuiStack-root"
  >
    <span
      className="MuiTypography-root MuiTypography-button css-1sqoee-MuiTypography-root"
    >
      üò≠ Error while selecting package.
    </span>
  </div>
</div>
`;

exports[`Package Package works with dependencies (cachecontrol) 1`] = `
<div
  className="MuiPaper-root MuiPaper-elevation MuiPaper-rounded MuiPaper-elevation6 css-1dxebv4-MuiPaper-root"
>
  <div
    className="MuiGrid-root MuiGrid-container MuiGrid-spacing-xs-1 css-a5rdam-MuiGrid-root"
  >
    <div
      className="MuiGrid-root MuiGrid-item MuiGrid-grid-xs-12 css-1idn90j-MuiGrid-root"
    >
      <span
        className="MuiTypography-root MuiTypography-button css-1sqoee-MuiTypography-root"
      >
        cachecontrol
      </span>
    </div>
    <div
      className="MuiGrid-root MuiGrid-item MuiGrid-grid-xs-12 css-1idn90j-MuiGrid-root"
    >
      <p
        className="MuiTypography-root MuiTypography-body1 css-ahj2mt-MuiTypography-root"
      >
        httplib2 caching for requests
      </p>
    </div>
    <div
      className="MuiGrid-root MuiGrid-item MuiGrid-grid-xs-12 css-eq2k9k-MuiGrid-root"
    >
      <hr
        className="MuiDivider-root MuiDivider-middle css-ft4jij-MuiDivider-root"
      />
    </div>
    <div
      className="MuiGrid-root MuiGrid-item MuiGrid-grid-xs-8 css-1u95w8b-MuiGrid-root"
    >
      <span
        className="MuiTypography-root MuiTypography-button css-1jm68wq-MuiTypography-root"
      >
        Dependencies:
      </span>
      <div
        className="MuiTableContainer-root css-e2p4vx-MuiTableContainer-root"
      >
        <table
          className="MuiTable-root MuiTable-stickyHeader css-xn82ks-MuiTable-root"
          role={null}
        >
          <thead
            className="MuiTableHead-root css-15wwp11-MuiTableHead-root"
            role={null}
          >
            <tr
              className="MuiTableRow-root MuiTableRow-head css-1q1u3t4-MuiTableRow-root"
              role={null}
            >
              <th
                aria-sort={null}
                className="MuiTableCell-root MuiTableCell-head MuiTableCell-stickyHeader MuiTableCell-sizeSmall css-1h37f49-MuiTableCell-root"
                scope="col"
              >
                Name
              </th>
              <th
                aria-sort={null}
                className="MuiTableCell-root MuiTableCell-head MuiTableCell-stickyHeader MuiTableCell-sizeSmall css-1h37f49-MuiTableCell-root"
                scope="col"
              >
                Required
              </th>
              <th
                aria-sort={null}
                className="MuiTableCell-root MuiTableCell-head MuiTableCell-stickyHeader MuiTableCell-sizeSmall css-1h37f49-MuiTableCell-root"
                scope="col"
              >
                Installed
              </th>
              <th
                aria-sort={null}
                className="MuiTableCell-root MuiTableCell-head MuiTableCell-stickyHeader MuiTableCell-sizeSmall css-1h37f49-MuiTableCell-root"
                scope="col"
              >
                Source
              </th>
              <th
                aria-sort={null}
                className="MuiTableCell-root MuiTableCell-head MuiTableCell-stickyHeader MuiTableCell-sizeSmall css-1h37f49-MuiTableCell-root"
                scope="col"
              >
                Category
              </th>
            </tr>
          </thead>
          <tbody
            className="MuiTableBody-root css-apqrd9-MuiTableBody-root"
            role={null}
          >
            <tr
              className="MuiTableRow-root css-1q1u3t4-MuiTableRow-root"
              role={null}
            >
              <td
                aria-sort={null}
                className="MuiTableCell-root MuiTableCell-body MuiTableCell-sizeSmall css-dsuxgy-MuiTableCell-root"
              >
                <a
                  href="/packages/lockfile"
                  onClick={[Function]}
                  title="dependency-lockfile"
                >
                  lockfile
                </a>
              </td>
              <td
                aria-sort={null}
                className="MuiTableCell-root MuiTableCell-body MuiTableCell-sizeSmall css-dsuxgy-MuiTableCell-root"
              >
                ‚ùå
              </td>
              <td
                aria-sort={null}
                className="MuiTableCell-root MuiTableCell-body MuiTableCell-sizeSmall css-dsuxgy-MuiTableCell-root"
              >
                ‚úÖ
              </td>
              <td
                aria-sort={null}
                className="MuiTableCell-root MuiTableCell-body MuiTableCell-sizeSmall css-dsuxgy-MuiTableCell-root"
              >
                extras
              </td>
              <td
                aria-sort={null}
                className="MuiTableCell-root MuiTableCell-body MuiTableCell-sizeSmall css-dsuxgy-MuiTableCell-root"
              >
                filecache
              </td>
            </tr>
            <tr
              className="MuiTableRow-root css-1q1u3t4-MuiTableRow-root"
              role={null}
            >
              <td
                aria-sort={null}
                className="MuiTableCell-root MuiTableCell-body MuiTableCell-sizeSmall css-dsuxgy-MuiTableCell-root"
              >
                <a
                  href="/packages/msgpack"
                  onClick={[Function]}
                  title="dependency-msgpack"
                >
                  msgpack
                </a>
              </td>
              <td
                aria-sort={null}
                className="MuiTableCell-root MuiTableCell-body MuiTableCell-sizeSmall css-dsuxgy-MuiTableCell-root"
              >
                ‚úÖ
              </td>
              <td
                aria-sort={null}
                className="MuiTableCell-root MuiTableCell-body MuiTableCell-sizeSmall css-dsuxgy-MuiTableCell-root"
              >
                ‚úÖ
              </td>
              <td
                aria-sort={null}
                className="MuiTableCell-root MuiTableCell-body MuiTableCell-sizeSmall css-dsuxgy-MuiTableCell-root"
              >
                dependencies
              </td>
              <td
                aria-sort={null}
                className="MuiTableCell-root MuiTableCell-body MuiTableCell-sizeSmall css-dsuxgy-MuiTableCell-root"
              />
            </tr>
            <tr
              className="MuiTableRow-root css-1q1u3t4-MuiTableRow-root"
              role={null}
            >
              <td
                aria-sort={null}
                className="MuiTableCell-root MuiTableCell-body MuiTableCell-sizeSmall css-dsuxgy-MuiTableCell-root"
              >
                <a
                  href="/packages/requests"
                  onClick={[Function]}
                  title="dependency-requests"
                >
                  requests
                </a>
              </td>
              <td
                aria-sort={null}
                className="MuiTableCell-root MuiTableCell-body MuiTableCell-sizeSmall css-dsuxgy-MuiTableCell-root"
              >
                ‚úÖ
              </td>
              <td
                aria-sort={null}
                className="MuiTableCell-root MuiTableCell-body MuiTableCell-sizeSmall css-dsuxgy-MuiTableCell-root"
              >
                ‚úÖ
              </td>
              <td
                aria-sort={null}
                className="MuiTableCell-root MuiTableCell-body MuiTableCell-sizeSmall css-dsuxgy-MuiTableCell-root"
              >
                dependencies
              </td>
              <td
                aria-sort={null}
                className="MuiTableCell-root MuiTableCell-body MuiTableCell-sizeSmall css-dsuxgy-MuiTableCell-root"
              />
            </tr>
            <tr
              className="MuiTableRow-root css-1q1u3t4-MuiTableRow-root"
              role={null}
            >
              <td
                aria-sort={null}
                className="MuiTableCell-root MuiTableCell-body MuiTableCell-sizeSmall css-dsuxgy-MuiTableCell-root"
              >
                redis
              </td>
              <td
                aria-sort={null}
                className="MuiTableCell-root MuiTableCell-body MuiTableCell-sizeSmall css-dsuxgy-MuiTableCell-root"
              >
                ‚ùå
              </td>
              <td
                aria-sort={null}
                className="MuiTableCell-root MuiTableCell-body MuiTableCell-sizeSmall css-dsuxgy-MuiTableCell-root"
              >
                ‚ùå
              </td>
              <td
                aria-sort={null}
                className="MuiTableCell-root MuiTableCell-body MuiTableCell-sizeSmall css-dsuxgy-MuiTableCell-root"
              >
                extras
              </td>
              <td
                aria-sort={null}
                className="MuiTableCell-root MuiTableCell-body MuiTableCell-sizeSmall css-dsuxgy-MuiTableCell-root"
              >
                redis
              </td>
            </tr>
          </tbody>
        </table>
      </div>
    </div>
    <div
      className="MuiGrid-root MuiGrid-item MuiGrid-grid-xs-4 css-l2k946-MuiGrid-root"
    >
      <span
        className="MuiTypography-root MuiTypography-button css-1jm68wq-MuiTypography-root"
      >
        Reverse dependencies:
      </span>
      <div
        className="MuiTableContainer-root css-e2p4vx-MuiTableContainer-root"
      >
        <table
          className="MuiTable-root MuiTable-stickyHeader css-xn82ks-MuiTable-root"
          role={null}
        >
          <thead
            className="MuiTableHead-root css-15wwp11-MuiTableHead-root"
            role={null}
          >
            <tr
              className="MuiTableRow-root MuiTableRow-head css-1q1u3t4-MuiTableRow-root"
              role={null}
            >
              <th
                aria-sort={null}
                className="MuiTableCell-root MuiTableCell-head MuiTableCell-stickyHeader MuiTableCell-sizeSmall css-1h37f49-MuiTableCell-root"
                scope="col"
              >
                Name
              </th>
            </tr>
          </thead>
          <tbody
            className="MuiTableBody-root css-apqrd9-MuiTableBody-root"
            role={null}
          />
        </table>
      </div>
    </div>
  </div>
</div>
`;

exports[`Package Package works with reverse dependencies (atomicwrites) 1`] = `
<div
  className="MuiPaper-root MuiPaper-elevation MuiPaper-rounded MuiPaper-elevation6 css-1dxebv4-MuiPaper-root"
>
  <div
    className="MuiGrid-root MuiGrid-container MuiGrid-spacing-xs-1 css-a5rdam-MuiGrid-root"
  >
    <div
      className="MuiGrid-root MuiGrid-item MuiGrid-grid-xs-12 css-1idn90j-MuiGrid-root"
    >
      <span
        className="MuiTypography-root MuiTypography-button css-1sqoee-MuiTypography-root"
      >
        atomicwrites
      </span>
    </div>
    <div
      className="MuiGrid-root MuiGrid-item MuiGrid-grid-xs-12 css-1idn90j-MuiGrid-root"
    >
      <p
        className="MuiTypography-root MuiTypography-body1 css-ahj2mt-MuiTypography-root"
      >
        Atomic file writes.
      </p>
    </div>
    <div
      className="MuiGrid-root MuiGrid-item MuiGrid-grid-xs-12 css-eq2k9k-MuiGrid-root"
    >
      <hr
        className="MuiDivider-root MuiDivider-middle css-ft4jij-MuiDivider-root"
      />
    </div>
    <div
      className="MuiGrid-root MuiGrid-item MuiGrid-grid-xs-8 css-1u95w8b-MuiGrid-root"
    >
      <span
        className="MuiTypography-root MuiTypography-button css-1jm68wq-MuiTypography-root"
      >
        Dependencies:
      </span>
      <div
        className="MuiTableContainer-root css-e2p4vx-MuiTableContainer-root"
      >
        <table
          className="MuiTable-root MuiTable-stickyHeader css-xn82ks-MuiTable-root"
          role={null}
        >
          <thead
            className="MuiTableHead-root css-15wwp11-MuiTableHead-root"
            role={null}
          >
            <tr
              className="MuiTableRow-root MuiTableRow-head css-1q1u3t4-MuiTableRow-root"
              role={null}
            >
              <th
                aria-sort={null}
                className="MuiTableCell-root MuiTableCell-head MuiTableCell-stickyHeader MuiTableCell-sizeSmall css-1h37f49-MuiTableCell-root"
                scope="col"
              >
                Name
              </th>
              <th
                aria-sort={null}
                className="MuiTableCell-root MuiTableCell-head MuiTableCell-stickyHeader MuiTableCell-sizeSmall css-1h37f49-MuiTableCell-root"
                scope="col"
              >
                Required
              </th>
              <th
                aria-sort={null}
                className="MuiTableCell-root MuiTableCell-head MuiTableCell-stickyHeader MuiTableCell-sizeSmall css-1h37f49-MuiTableCell-root"
                scope="col"
              >
                Installed
              </th>
              <th
                aria-sort={null}
                className="MuiTableCell-root MuiTableCell-head MuiTableCell-stickyHeader MuiTableCell-sizeSmall css-1h37f49-MuiTableCell-root"
                scope="col"
              >
                Source
              </th>
              <th
                aria-sort={null}
                className="MuiTableCell-root MuiTableCell-head MuiTableCell-stickyHeader MuiTableCell-sizeSmall css-1h37f49-MuiTableCell-root"
                scope="col"
              >
                Category
              </th>
            </tr>
          </thead>
          <tbody
            className="MuiTableBody-root css-apqrd9-MuiTableBody-root"
            role={null}
          />
        </table>
      </div>
    </div>
    <div
      className="MuiGrid-root MuiGrid-item MuiGrid-grid-xs-4 css-l2k946-MuiGrid-root"
    >
      <span
        className="MuiTypography-root MuiTypography-button css-1jm68wq-MuiTypography-root"
      >
        Reverse dependencies:
      </span>
      <div
        className="MuiTableContainer-root css-e2p4vx-MuiTableContainer-root"
      >
        <table
          className="MuiTable-root MuiTable-stickyHeader css-xn82ks-MuiTable-root"
          role={null}
        >
          <thead
            className="MuiTableHead-root css-15wwp11-MuiTableHead-root"
            role={null}
          >
            <tr
              className="MuiTableRow-root MuiTableRow-head css-1q1u3t4-MuiTableRow-root"
              role={null}
            >
              <th
                aria-sort={null}
                className="MuiTableCell-root MuiTableCell-head MuiTableCell-stickyHeader MuiTableCell-sizeSmall css-1h37f49-MuiTableCell-root"
                scope="col"
              >
                Name
              </th>
            </tr>
          </thead>
          <tbody
            className="MuiTableBody-root css-apqrd9-MuiTableBody-root"
            role={null}
          >
            <tr
              className="MuiTableRow-root css-1q1u3t4-MuiTableRow-root"
              role={null}
            >
              <td
                aria-sort={null}
                className="MuiTableCell-root MuiTableCell-body MuiTableCell-sizeSmall css-dsuxgy-MuiTableCell-root"
              >
                <a
                  href="/packages/pytest"
                  onClick={[Function]}
                  title="reverseDependency-pytest"
                >
                  pytest
                </a>
              </td>
            </tr>
          </tbody>
        </table>
      </div>
    </div>
  </div>
</div>
`;
